((paragraph "OCaml is a great language, e.g.")
 (html
  "<pre><code><span class='ocaml-keyword'>let</span><span class='ocaml-source'> </span><span class='ocaml-entity-name-function-binding'>add</span><span class='ocaml-source'> </span><span class='ocaml-source'>a</span><span class='ocaml-source'> </span><span class='ocaml-source'>b</span><span class='ocaml-source'> </span><span class='ocaml-keyword-operator'>=</span><span class='ocaml-source'> </span><span class='ocaml-source'>a</span><span class='ocaml-source'> </span><span class='ocaml-keyword-operator'>+</span><span class='ocaml-source'> </span><span class='ocaml-source'>b</span><span class='ocaml-source'> \n</span></code></pre>")
 (paragraph "And some bash...")
 (html
  "<pre><code><span class='bash-keyword-operator-tilde'>~</span><span class='bash-source'>/$ ls </span><span class='bash-keyword-operator-tilde'>~</span><span class='bash-source'>/.opam\n</span></code></pre>")
 (paragraph "And some sh...")
 (html
  "<pre><code><span class='sh-keyword-operator-tilde'>~</span><span class='sh-source'>/$ ls </span><span class='sh-keyword-operator-tilde'>~</span><span class='sh-source'>/.opam\n</span></code></pre>"))
